===== 2026-09-12  8:27:37,78  start.bat launched =====
Microsoft Windows [version 10.0.26200.9445]
Python found: py -3 (Python 3.14.2)
websockets library OK
Launching bridge.py with py -3
===== 2026-09-12 11:41:57,96  start.bat launched =====
Microsoft Windows [version 10.0.26200.9445]
Python found: py -3 (Python 3.14.2)
websockets library OK
Launching bridge.py with py -3
===== 2026-09-12 20:26:25,64  start.bat launched =====
Microsoft Windows [version 10.0.26200.9445]
Python found: py -3 (Python 3.14.2)
websockets library OK
Launching bridge.py with py -3
===== 2026-09-13  8:29:10,82  start.bat launched =====
Microsoft Windows [version 10.0.26200.9445]
Python found: py -3 (Python 3.14.2)
websockets library OK
Launching bridge.py with py -3
===== 2026-09-14 18:28:52,32  start.bat launched =====
Microsoft Windows [version 10.0.26200.9445]
Python found: py -3 (Python 3.14.2)
websockets library OK
Launching bridge.py with py -3
===== 2026-09-15  8:31:25,38  start.bat launched =====
Microsoft Windows [version 10.0.26200.9445]
Python found: py -3 (Python 3.14.2)
websockets library OK
Launching bridge.py with py -3
===== 2026-09-16 19:04:18,79  start.bat launched =====
Microsoft Windows [version 10.0.26200.9445]
Python found: py -3 (Python 3.14.2)
websockets library OK
Launching bridge.py with py -3
===== 2026-09-17 17:43:48,11  start.bat launched =====
Microsoft Windows [version 10.0.26200.9445]
Python found: py -3 (Python 3.14.2)
websockets library OK
Launching bridge.py with py -3
===== 2026-09-17 20:14:16,87  start.bat launched =====
Microsoft Windows [version 10.0.26200.9445]
Python found: py -3 (Python 3.14.2)
websockets library OK
Launching bridge.py with py -3
===== 2026-09-18 19:54:59,91  start.bat launched =====
Microsoft Windows [version 10.0.26200.9445]
Python found: py -3 (Python 3.14.2)
websockets library OK
Launching bridge.py with py -3
===== 2026-09-19 12:00:14,03  start.bat launched =====
Microsoft Windows [version 10.0.26200.9445]
Python found: py -3 (Python 3.14.2)
websockets library OK
Launching bridge.py with py -3
===== 2026-09-19 15:52:20,86  start.bat launched =====
Microsoft Windows [version 10.0.26200.9445]
Python found: py -3 (Python 3.14.2)
websockets library OK
Launching bridge.py with py -3
===== 2026-09-20  7:26:34,68  start.bat launched =====
Microsoft Windows [version 10.0.26200.9457]
Python found: py -3 (Python 3.14.2)
websockets library OK
Launching bridge.py with py -3
===== 2026-09-21  9:05:00,01  start.bat launched =====
Microsoft Windows [version 10.0.26200.9457]
Python found: py -3 (Python 3.14.2)
websockets library OK
Launching bridge.py with py -3
bridge.py exited with code 1073807364
===== 2026-09-21 14:51:55,88  start.bat launched =====
Microsoft Windows [version 10.0.26200.9457]
Python found: py -3 (Python 3.14.2)
websockets library OK
Launching bridge.py with py -3
===== 2026-09-23 17:09:55,11  start.bat launched =====
Microsoft Windows [version 10.0.26200.9457]
Python found: py -3 (Python 3.14.2)
websockets library OK
Launching bridge.py with py -3
